2025-07-25 01:26:28 [::1][-][bq64imkvm8789lm71pn5kpsbig][error][yii\db\Exception] PDOException: SQLSTATE[HY000] [2002] No connection could be made because the target machine actively refused it in C:\laragon\www\tagihan\vendor\yiisoft\yii2\db\Connection.php:722
Stack trace:
#0 C:\laragon\www\tagihan\vendor\yiisoft\yii2\db\Connection.php(722): PDO->__construct('mysql:host=loca...', 'root', Object(SensitiveParameterValue), NULL)
#1 C:\laragon\www\tagihan\vendor\yiisoft\yii2\db\Connection.php(637): yii\db\Connection->createPdoInstance()
#2 C:\laragon\www\tagihan\vendor\yiisoft\yii2\db\Connection.php(1067): yii\db\Connection->open()
#3 C:\laragon\www\tagihan\vendor\yiisoft\yii2\db\Connection.php(1054): yii\db\Connection->getMasterPdo()
#4 C:\laragon\www\tagihan\vendor\yiisoft\yii2\db\Command.php(261): yii\db\Connection->getSlavePdo(true)
#5 C:\laragon\www\tagihan\vendor\yiisoft\yii2\db\Command.php(1181): yii\db\Command->prepare(true)
#6 C:\laragon\www\tagihan\vendor\yiisoft\yii2\db\Command.php(417): yii\db\Command->queryInternal('fetchAll', NULL)
#7 C:\laragon\www\tagihan\vendor\yiisoft\yii2\db\mysql\Schema.php(366): yii\db\Command->queryAll()
#8 C:\laragon\www\tagihan\vendor\yiisoft\yii2\db\mysql\Schema.php(134): yii\db\mysql\Schema->findColumns(Object(yii\db\TableSchema))
#9 C:\laragon\www\tagihan\vendor\yiisoft\yii2\db\Schema.php(756): yii\db\mysql\Schema->loadTableSchema('users')
#10 C:\laragon\www\tagihan\vendor\yiisoft\yii2\db\Schema.php(192): yii\db\Schema->getTableMetadata('users', 'schema', false)
#11 C:\laragon\www\tagihan\vendor\yiisoft\yii2\db\ActiveRecord.php(442): yii\db\Schema->getTableSchema('users')
#12 C:\laragon\www\tagihan\vendor\yiisoft\yii2\db\ActiveRecord.php(266): yii\db\ActiveRecord::getTableSchema()
#13 C:\laragon\www\tagihan\vendor\yiisoft\yii2\db\ActiveRecord.php(238): yii\db\ActiveRecord::filterValidColumnNames(Object(yii\db\Connection), Array)
#14 C:\laragon\www\tagihan\vendor\yiisoft\yii2\db\ActiveRecord.php(195): yii\db\ActiveRecord::filterCondition(Array, Array)
#15 C:\laragon\www\tagihan\vendor\yiisoft\yii2\db\BaseActiveRecord.php(110): yii\db\ActiveRecord::findByCondition(Array)
#16 C:\laragon\www\tagihan\controllers\SiteController.php(81): yii\db\BaseActiveRecord::findOne(Array)
#17 [internal function]: app\controllers\SiteController->actionLogin()
#18 C:\laragon\www\tagihan\vendor\yiisoft\yii2\base\InlineAction.php(60): call_user_func_array(Array, Array)
#19 C:\laragon\www\tagihan\vendor\yiisoft\yii2\base\Controller.php(187): yii\base\InlineAction->runWithParams(Array)
#20 C:\laragon\www\tagihan\vendor\yiisoft\yii2\base\Module.php(555): yii\base\Controller->runAction('login', Array)
#21 C:\laragon\www\tagihan\vendor\yiisoft\yii2\web\Application.php(103): yii\base\Module->runAction('site/login', Array)
#22 C:\laragon\www\tagihan\vendor\yiisoft\yii2\base\Application.php(387): yii\web\Application->handleRequest(Object(yii\web\Request))
#23 C:\laragon\www\tagihan\web\index.php(12): yii\base\Application->run()
#24 {main}

Next yii\db\Exception: SQLSTATE[HY000] [2002] No connection could be made because the target machine actively refused it in C:\laragon\www\tagihan\vendor\yiisoft\yii2\db\Connection.php:648
Stack trace:
#0 C:\laragon\www\tagihan\vendor\yiisoft\yii2\db\Connection.php(1067): yii\db\Connection->open()
#1 C:\laragon\www\tagihan\vendor\yiisoft\yii2\db\Connection.php(1054): yii\db\Connection->getMasterPdo()
#2 C:\laragon\www\tagihan\vendor\yiisoft\yii2\db\Command.php(261): yii\db\Connection->getSlavePdo(true)
#3 C:\laragon\www\tagihan\vendor\yiisoft\yii2\db\Command.php(1181): yii\db\Command->prepare(true)
#4 C:\laragon\www\tagihan\vendor\yiisoft\yii2\db\Command.php(417): yii\db\Command->queryInternal('fetchAll', NULL)
#5 C:\laragon\www\tagihan\vendor\yiisoft\yii2\db\mysql\Schema.php(366): yii\db\Command->queryAll()
#6 C:\laragon\www\tagihan\vendor\yiisoft\yii2\db\mysql\Schema.php(134): yii\db\mysql\Schema->findColumns(Object(yii\db\TableSchema))
#7 C:\laragon\www\tagihan\vendor\yiisoft\yii2\db\Schema.php(756): yii\db\mysql\Schema->loadTableSchema('users')
#8 C:\laragon\www\tagihan\vendor\yiisoft\yii2\db\Schema.php(192): yii\db\Schema->getTableMetadata('users', 'schema', false)
#9 C:\laragon\www\tagihan\vendor\yiisoft\yii2\db\ActiveRecord.php(442): yii\db\Schema->getTableSchema('users')
#10 C:\laragon\www\tagihan\vendor\yiisoft\yii2\db\ActiveRecord.php(266): yii\db\ActiveRecord::getTableSchema()
#11 C:\laragon\www\tagihan\vendor\yiisoft\yii2\db\ActiveRecord.php(238): yii\db\ActiveRecord::filterValidColumnNames(Object(yii\db\Connection), Array)
#12 C:\laragon\www\tagihan\vendor\yiisoft\yii2\db\ActiveRecord.php(195): yii\db\ActiveRecord::filterCondition(Array, Array)
#13 C:\laragon\www\tagihan\vendor\yiisoft\yii2\db\BaseActiveRecord.php(110): yii\db\ActiveRecord::findByCondition(Array)
#14 C:\laragon\www\tagihan\controllers\SiteController.php(81): yii\db\BaseActiveRecord::findOne(Array)
#15 [internal function]: app\controllers\SiteController->actionLogin()
#16 C:\laragon\www\tagihan\vendor\yiisoft\yii2\base\InlineAction.php(60): call_user_func_array(Array, Array)
#17 C:\laragon\www\tagihan\vendor\yiisoft\yii2\base\Controller.php(187): yii\base\InlineAction->runWithParams(Array)
#18 C:\laragon\www\tagihan\vendor\yiisoft\yii2\base\Module.php(555): yii\base\Controller->runAction('login', Array)
#19 C:\laragon\www\tagihan\vendor\yiisoft\yii2\web\Application.php(103): yii\base\Module->runAction('site/login', Array)
#20 C:\laragon\www\tagihan\vendor\yiisoft\yii2\base\Application.php(387): yii\web\Application->handleRequest(Object(yii\web\Request))
#21 C:\laragon\www\tagihan\web\index.php(12): yii\base\Application->run()
#22 {main}
Additional Information:
Array
(
    [0] => HY000
    [1] => 2002
    [2] => No connection could be made because the target machine actively refused it
)

2025-07-25 01:26:24 [::1][-][bq64imkvm8789lm71pn5kpsbig][info][application] $_GET = []

$_POST = [
    '_csrf' => 'JfRnI1D3N-3quD-puBCsMsNYON9HY0584JIHZD6VfR9mk1BMNrp6nYDJTcGNfp5ZsQhJ7gkFKSuU3mIcWtk0WQ=='
    'LoginForm' => [
        'username' => 'staf'
        'password' => '2'
    ]
]

$_FILES = []

$_COOKIE = [
    'username-localhost-8888' => '\"2|1:0|10:1751420458|23:username-localhost-8888|44:ZjU5MDFjOTk1ODYyNGUzZGE1YWRjZDQ3OTA5MDAwODk=|3996d13488c453092b9f5507a8e07547a8803636fc6c474c8009bada08ee213f\"'
    '_xsrf' => '2|01822352|c050c9b2633c7d19ed1beade9bd27559|1751420459'
    'Pycharm-68ce4264' => 'aee03937-5805-4783-929b-57170c294a78'
    'sidebar-collapse' => 'false'
    'PHPSESSID' => 'bq64imkvm8789lm71pn5kpsbig'
    '_csrf' => 'ceb1cca10fed83ada94a75d1b8cf6eac59acd81c129814edfc8de657cc4ec204a:2:{i:0;s:5:\"_csrf\";i:1;s:32:\"Cg7ofMMpjqrh5n2krPq1NfgWtLexdLIF\";}'
]

$_SESSION = [
    '__flash' => []
    '__returnUrl' => 'http://localhost:8080/'
]

$_SERVER = [
    'DOCUMENT_ROOT' => 'C:\\laragon\\www\\tagihan\\web'
    'REMOTE_ADDR' => '::1'
    'REMOTE_PORT' => '51331'
    'SERVER_SOFTWARE' => 'PHP/8.3.14 (Development Server)'
    'SERVER_PROTOCOL' => 'HTTP/1.1'
    'SERVER_NAME' => 'localhost'
    'SERVER_PORT' => '8080'
    'REQUEST_URI' => '/site/login'
    'REQUEST_METHOD' => 'POST'
    'SCRIPT_NAME' => '/index.php'
    'SCRIPT_FILENAME' => 'C:\\laragon\\www\\tagihan\\web\\index.php'
    'PATH_INFO' => '/site/login'
    'PHP_SELF' => '/index.php/site/login'
    'HTTP_HOST' => 'localhost:8080'
    'HTTP_CONNECTION' => 'keep-alive'
    'CONTENT_LENGTH' => '153'
    'HTTP_CONTENT_LENGTH' => '153'
    'HTTP_CACHE_CONTROL' => 'max-age=0'
    'HTTP_SEC_CH_UA' => '\"Not)A;Brand\";v=\"8\", \"Chromium\";v=\"138\", \"Google Chrome\";v=\"138\"'
    'HTTP_SEC_CH_UA_MOBILE' => '?0'
    'HTTP_SEC_CH_UA_PLATFORM' => '\"Windows\"'
    'HTTP_ORIGIN' => 'http://localhost:8080'
    'CONTENT_TYPE' => 'application/x-www-form-urlencoded'
    'HTTP_CONTENT_TYPE' => 'application/x-www-form-urlencoded'
    'HTTP_UPGRADE_INSECURE_REQUESTS' => '1'
    'HTTP_USER_AGENT' => 'Mozilla/5.0 (Windows NT 10.0; Win64; x64) AppleWebKit/537.36 (KHTML, like Gecko) Chrome/138.0.0.0 Safari/537.36'
    'HTTP_ACCEPT' => 'text/html,application/xhtml+xml,application/xml;q=0.9,image/avif,image/webp,image/apng,*/*;q=0.8,application/signed-exchange;v=b3;q=0.7'
    'HTTP_SEC_FETCH_SITE' => 'same-origin'
    'HTTP_SEC_FETCH_MODE' => 'navigate'
    'HTTP_SEC_FETCH_USER' => '?1'
    'HTTP_SEC_FETCH_DEST' => 'document'
    'HTTP_REFERER' => 'http://localhost:8080/site/login'
    'HTTP_ACCEPT_ENCODING' => 'gzip, deflate, br, zstd'
    'HTTP_ACCEPT_LANGUAGE' => 'id,en-US;q=0.9,en;q=0.8'
    'HTTP_COOKIE' => 'username-localhost-8888=\"2|1:0|10:1751420458|23:username-localhost-8888|44:ZjU5MDFjOTk1ODYyNGUzZGE1YWRjZDQ3OTA5MDAwODk=|3996d13488c453092b9f5507a8e07547a8803636fc6c474c8009bada08ee213f\"; _xsrf=2|01822352|c050c9b2633c7d19ed1beade9bd27559|1751420459; Pycharm-68ce4264=aee03937-5805-4783-929b-57170c294a78; sidebar-collapse=false; PHPSESSID=bq64imkvm8789lm71pn5kpsbig; _csrf=ceb1cca10fed83ada94a75d1b8cf6eac59acd81c129814edfc8de657cc4ec204a%3A2%3A%7Bi%3A0%3Bs%3A5%3A%22_csrf%22%3Bi%3A1%3Bs%3A32%3A%22Cg7ofMMpjqrh5n2krPq1NfgWtLexdLIF%22%3B%7D'
    'REQUEST_TIME_FLOAT' => 1753406784.1857
    'REQUEST_TIME' => 1753406784
]
2025-07-25 01:28:18 [::1][1][p59vaolnmpf62htlo8v95684pp][error][TypeError] TypeError: in_array(): Argument #2 ($haystack) must be of type array, null given in C:\laragon\www\tagihan\controllers\TagihanController.php:145
Stack trace:
#0 C:\laragon\www\tagihan\controllers\TagihanController.php(145): in_array('-', NULL)
#1 [internal function]: app\controllers\TagihanController->actionCreate()
#2 C:\laragon\www\tagihan\vendor\yiisoft\yii2\base\InlineAction.php(60): call_user_func_array(Array, Array)
#3 C:\laragon\www\tagihan\vendor\yiisoft\yii2\base\Controller.php(187): yii\base\InlineAction->runWithParams(Array)
#4 C:\laragon\www\tagihan\vendor\yiisoft\yii2\base\Module.php(555): yii\base\Controller->runAction('create', Array)
#5 C:\laragon\www\tagihan\vendor\yiisoft\yii2\web\Application.php(103): yii\base\Module->runAction('tagihan/create', Array)
#6 C:\laragon\www\tagihan\vendor\yiisoft\yii2\base\Application.php(387): yii\web\Application->handleRequest(Object(yii\web\Request))
#7 C:\laragon\www\tagihan\web\index.php(12): yii\base\Application->run()
#8 {main}
2025-07-25 01:28:18 [::1][1][p59vaolnmpf62htlo8v95684pp][info][application] $_GET = []

$_POST = [
    '_csrf' => '3OdAvUJi9lE2Vn_UYfw-79qjixKHNVJaOCKH69eR2he3iBDELybGHgFjJZostVuhtOnUfO9bIh5yTvKYnePpXA=='
    'TagihanModel' => [
        'jenis_pembayaran_id' => '9'
        'tanggal_jatuh_tempo' => '2025-07-26'
    ]
]

$_FILES = []

$_COOKIE = [
    'username-localhost-8888' => '\"2|1:0|10:1751420458|23:username-localhost-8888|44:ZjU5MDFjOTk1ODYyNGUzZGE1YWRjZDQ3OTA5MDAwODk=|3996d13488c453092b9f5507a8e07547a8803636fc6c474c8009bada08ee213f\"'
    '_xsrf' => '2|01822352|c050c9b2633c7d19ed1beade9bd27559|1751420459'
    'Pycharm-68ce4264' => 'aee03937-5805-4783-929b-57170c294a78'
    'sidebar-collapse' => 'false'
    'PHPSESSID' => 'p59vaolnmpf62htlo8v95684pp'
    '_csrf' => 'f340490333aac7a51848a5dfca335fc6eb26e0b6b754473f0acae925f4d86ad1a:2:{i:0;s:5:\"_csrf\";i:1;s:32:\"koPymD0O75ZNMIeNnJ_nhnpDJlusJr3K\";}'
]

$_SESSION = [
    '__flash' => [
        'success' => -1
    ]
    '__returnUrl' => 'http://localhost:8080/'
    '__id' => 1
    '__authKey' => null
    'success' => 'Jenis pembayaran berhasil dibuat.'
]

$_SERVER = [
    'DOCUMENT_ROOT' => 'C:\\laragon\\www\\tagihan\\web'
    'REMOTE_ADDR' => '::1'
    'REMOTE_PORT' => '51516'
    'SERVER_SOFTWARE' => 'PHP/8.3.14 (Development Server)'
    'SERVER_PROTOCOL' => 'HTTP/1.1'
    'SERVER_NAME' => 'localhost'
    'SERVER_PORT' => '8080'
    'REQUEST_URI' => '/tagihan/create'
    'REQUEST_METHOD' => 'POST'
    'SCRIPT_NAME' => '/index.php'
    'SCRIPT_FILENAME' => 'C:\\laragon\\www\\tagihan\\web\\index.php'
    'PATH_INFO' => '/tagihan/create'
    'PHP_SELF' => '/index.php/tagihan/create'
    'HTTP_HOST' => 'localhost:8080'
    'HTTP_CONNECTION' => 'keep-alive'
    'CONTENT_LENGTH' => '187'
    'HTTP_CONTENT_LENGTH' => '187'
    'HTTP_CACHE_CONTROL' => 'max-age=0'
    'HTTP_SEC_CH_UA' => '\"Not)A;Brand\";v=\"8\", \"Chromium\";v=\"138\", \"Google Chrome\";v=\"138\"'
    'HTTP_SEC_CH_UA_MOBILE' => '?0'
    'HTTP_SEC_CH_UA_PLATFORM' => '\"Windows\"'
    'HTTP_ORIGIN' => 'http://localhost:8080'
    'CONTENT_TYPE' => 'application/x-www-form-urlencoded'
    'HTTP_CONTENT_TYPE' => 'application/x-www-form-urlencoded'
    'HTTP_UPGRADE_INSECURE_REQUESTS' => '1'
    'HTTP_USER_AGENT' => 'Mozilla/5.0 (Windows NT 10.0; Win64; x64) AppleWebKit/537.36 (KHTML, like Gecko) Chrome/138.0.0.0 Safari/537.36'
    'HTTP_ACCEPT' => 'text/html,application/xhtml+xml,application/xml;q=0.9,image/avif,image/webp,image/apng,*/*;q=0.8,application/signed-exchange;v=b3;q=0.7'
    'HTTP_SEC_FETCH_SITE' => 'same-origin'
    'HTTP_SEC_FETCH_MODE' => 'navigate'
    'HTTP_SEC_FETCH_USER' => '?1'
    'HTTP_SEC_FETCH_DEST' => 'document'
    'HTTP_REFERER' => 'http://localhost:8080/tagihan/create'
    'HTTP_ACCEPT_ENCODING' => 'gzip, deflate, br, zstd'
    'HTTP_ACCEPT_LANGUAGE' => 'id,en-US;q=0.9,en;q=0.8'
    'HTTP_COOKIE' => 'username-localhost-8888=\"2|1:0|10:1751420458|23:username-localhost-8888|44:ZjU5MDFjOTk1ODYyNGUzZGE1YWRjZDQ3OTA5MDAwODk=|3996d13488c453092b9f5507a8e07547a8803636fc6c474c8009bada08ee213f\"; _xsrf=2|01822352|c050c9b2633c7d19ed1beade9bd27559|1751420459; Pycharm-68ce4264=aee03937-5805-4783-929b-57170c294a78; sidebar-collapse=false; PHPSESSID=p59vaolnmpf62htlo8v95684pp; _csrf=f340490333aac7a51848a5dfca335fc6eb26e0b6b754473f0acae925f4d86ad1a%3A2%3A%7Bi%3A0%3Bs%3A5%3A%22_csrf%22%3Bi%3A1%3Bs%3A32%3A%22koPymD0O75ZNMIeNnJ_nhnpDJlusJr3K%22%3B%7D'
    'REQUEST_TIME_FLOAT' => 1753406898.4083
    'REQUEST_TIME' => 1753406898
]
